// Jest Snapshot v1, https://goo.gl/fbAQLP

exports[`fetchProjectById Saga should call the FETCH_PROJECT_BY_ID_FAILURE action if the response errors 1`] = `
Object {
  "@@redux-saga/IO": true,
  "combinator": false,
  "payload": Object {
    "args": Array [
      "1",
    ],
    "context": null,
    "fn": [Function],
  },
  "type": "CALL",
}
`;

exports[`fetchProjectById Saga should dispatch the FETCH_PROJECT_BY_ID_SUCCESS action if it requests the data successfully 1`] = `
Object {
  "@@redux-saga/IO": true,
  "combinator": false,
  "payload": Object {
    "args": Array [
      "1",
    ],
    "context": null,
    "fn": [Function],
  },
  "type": "CALL",
}
`;
