// Jest Snapshot v1, https://goo.gl/fbAQLP

exports[`<Commits/> should render and match the snapshot 1`] = `
<div
  class="commits"
>
  <div
    class="ant-row"
  >
    <div
      class="ant-col"
    >
      <div
        class="card"
      >
        <div
          class="ant-card ant-card-small"
        >
          <div
            class="ant-card-head"
          >
            <div
              class="ant-card-head-wrapper"
            >
              <div
                class="ant-card-head-title"
              >
                <span>
                  Commits
                </span>
              </div>
            </div>
          </div>
          <div
            class="ant-card-body"
          >
            <div
              class="content "
            >
              <ul
                class="ant-timeline"
              >
                <div
                  class="ant-skeleton ant-timeline-item-last ant-skeleton-with-avatar ant-skeleton-active"
                >
                  <div
                    class="ant-skeleton-header"
                  >
                    <span
                      class="ant-skeleton-avatar ant-skeleton-avatar-lg ant-skeleton-avatar-circle"
                    />
                  </div>
                  <div
                    class="ant-skeleton-content"
                  >
                    <ul
                      class="ant-skeleton-paragraph"
                    >
                      <li />
                      <li
                        style="width: 61%;"
                      />
                    </ul>
                  </div>
                </div>
              </ul>
            </div>
          </div>
        </div>
      </div>
    </div>
  </div>
</div>
`;
