// Jest Snapshot v1, https://goo.gl/fbAQLP

exports[`<ProjectDetails /> should render and match the snapshot 1`] = `
<div
  class="project-details"
>
  <div
    class="project-title"
  />
  <div
    class="ant-row"
    style="margin-left: -12px; margin-right: -12px;"
  >
    <div
      class="ant-col with-margin-bottom ant-col-xs-24 ant-col-sm-24 ant-col-md-24 ant-col-lg-12 ant-col-xl-12"
      style="padding-left: 12px; padding-right: 12px;"
    >
      <div
        class="card"
      >
        <div
          class="ant-card ant-card-small"
        >
          <div
            class="ant-card-head"
          >
            <div
              class="ant-card-head-wrapper"
            >
              <div
                class="ant-card-head-title"
              >
                <span>
                  About the project
                </span>
              </div>
            </div>
          </div>
          <div
            class="ant-card-body"
          >
            <div
              class="content "
            />
          </div>
        </div>
      </div>
    </div>
    <div
      class="ant-col with-margin-bottom ant-col-xs-24 ant-col-sm-24 ant-col-md-24 ant-col-lg-12 ant-col-xl-12"
      style="padding-left: 12px; padding-right: 12px;"
    >
      <div
        class="card"
      >
        <div
          class="ant-card ant-card-small"
        >
          <div
            class="ant-card-head"
          >
            <div
              class="ant-card-head-wrapper"
            >
              <div
                class="ant-card-head-title"
              >
                <span>
                  Stats
                </span>
              </div>
              <div
                class="ant-card-extra"
              >
                <i
                  aria-label="icon: reload"
                  class="anticon anticon-reload"
                  tabindex="-1"
                >
                  <svg
                    aria-hidden="true"
                    class=""
                    data-icon="reload"
                    fill="currentColor"
                    focusable="false"
                    height="1em"
                    viewBox="64 64 896 896"
                    width="1em"
                  >
                    <path
                      d="M909.1 209.3l-56.4 44.1C775.8 155.1 656.2 92 521.9 92 290 92 102.3 279.5 102 511.5 101.7 743.7 289.8 932 521.9 932c181.3 0 335.8-115 394.6-276.1 1.5-4.2-.7-8.9-4.9-10.3l-56.7-19.5a8 8 0 0 0-10.1 4.8c-1.8 5-3.8 10-5.9 14.9-17.3 41-42.1 77.8-73.7 109.4A344.77 344.77 0 0 1 655.9 829c-42.3 17.9-87.4 27-133.8 27-46.5 0-91.5-9.1-133.8-27A341.5 341.5 0 0 1 279 755.2a342.16 342.16 0 0 1-73.7-109.4c-17.9-42.4-27-87.4-27-133.9s9.1-91.5 27-133.9c17.3-41 42.1-77.8 73.7-109.4 31.6-31.6 68.4-56.4 109.3-73.8 42.3-17.9 87.4-27 133.8-27 46.5 0 91.5 9.1 133.8 27a341.5 341.5 0 0 1 109.3 73.8c9.9 9.9 19.2 20.4 27.8 31.4l-60.2 47a8 8 0 0 0 3 14.1l175.6 43c5 1.2 9.9-2.6 9.9-7.7l.8-180.9c-.1-6.6-7.8-10.3-13-6.2z"
                    />
                  </svg>
                </i>
              </div>
            </div>
          </div>
          <div
            class="ant-card-body"
          >
            <div
              class="content "
            />
          </div>
        </div>
      </div>
    </div>
  </div>
  <div
    class="ant-row"
    style="margin-left: -12px; margin-right: -12px;"
  >
    <div
      class="ant-col team-members with-margin-bottom ant-col-xs-24 ant-col-sm-24 ant-col-md-24 ant-col-lg-12 ant-col-xl-12"
      style="padding-left: 12px; padding-right: 12px;"
    >
      <div
        class="card"
      >
        <div
          class="ant-card ant-card-small"
        >
          <div
            class="ant-card-head"
          >
            <div
              class="ant-card-head-wrapper"
            >
              <div
                class="ant-card-head-title"
              >
                <span>
                  Team members
                </span>
              </div>
              <div
                class="ant-card-extra"
              >
                <div
                  class="team-members-extra"
                >
                  <span
                    class="ant-input-search ant-input-affix-wrapper"
                    style="width: 150px;"
                  >
                    <input
                      class="ant-input"
                      placeholder=""
                      type="text"
                      value=""
                    />
                    <span
                      class="ant-input-suffix"
                    >
                      <i
                        aria-label="icon: search"
                        class="anticon anticon-search ant-input-search-icon"
                        tabindex="-1"
                      >
                        <svg
                          aria-hidden="true"
                          class=""
                          data-icon="search"
                          fill="currentColor"
                          focusable="false"
                          height="1em"
                          viewBox="64 64 896 896"
                          width="1em"
                        >
                          <path
                            d="M909.6 854.5L649.9 594.8C690.2 542.7 712 479 712 412c0-80.2-31.3-155.4-87.9-212.1-56.6-56.7-132-87.9-212.1-87.9s-155.5 31.3-212.1 87.9C143.2 256.5 112 331.8 112 412c0 80.1 31.3 155.5 87.9 212.1C256.5 680.8 331.8 712 412 712c67 0 130.6-21.8 182.7-62l259.7 259.6a8.2 8.2 0 0 0 11.6 0l43.6-43.5a8.2 8.2 0 0 0 0-11.6zM570.4 570.4C528 612.7 471.8 636 412 636s-116-23.3-158.4-65.6C211.3 528 188 471.8 188 412s23.3-116.1 65.6-158.4C296 211.3 352.2 188 412 188s116.1 23.2 158.4 65.6S636 352.2 636 412s-23.3 116.1-65.6 158.4z"
                          />
                        </svg>
                      </i>
                    </span>
                  </span>
                </div>
              </div>
            </div>
          </div>
          <div
            class="ant-card-body"
          >
            <div
              class="content team-members-content"
            />
          </div>
        </div>
      </div>
    </div>
    <div
      class="ant-col ant-col-xs-24 ant-col-sm-24 ant-col-md-24 ant-col-lg-12 ant-col-xl-12"
      style="padding-left: 12px; padding-right: 12px;"
    >
      <div
        class="card"
      >
        <div
          class="ant-card ant-card-small"
        >
          <div
            class="ant-card-head"
          >
            <div
              class="ant-card-head-wrapper"
            >
              <div
                class="ant-card-head-title"
              >
                <span>
                  Numbers
                </span>
              </div>
            </div>
          </div>
          <div
            class="ant-card-body"
          >
            <div
              class="content "
            />
          </div>
        </div>
      </div>
    </div>
  </div>
</div>
`;
