// Jest Snapshot v1, https://goo.gl/fbAQLP

exports[`fetchProjects Saga should call the FETCH_PROJECTS_FAILURE action if the response errors 1`] = `
Object {
  "@@redux-saga/IO": true,
  "combinator": false,
  "payload": Object {
    "args": Array [],
    "context": null,
    "fn": [Function],
  },
  "type": "CALL",
}
`;

exports[`fetchProjects Saga should dispatch the FETCH_PROJECTS_SUCCESS action if it requests the data successfully 1`] = `
Object {
  "@@redux-saga/IO": true,
  "combinator": false,
  "payload": Object {
    "args": Array [],
    "context": null,
    "fn": [Function],
  },
  "type": "CALL",
}
`;
